// Jest Snapshot v1, https://goo.gl/fbAQLP

exports[`Given the CustomSelect Component then must be rendered (take a snapshot) 1`] = `
<DocumentFragment>
  <select
    class="styles.filterbar__select"
    name="product-order"
  >
    <option
      class="styles.filterbar__optiontitle"
      selected=""
      value=""
    >
       Productos
    </option>
    <option
      class="styles.filterbar__option"
      value="precio"
    >
      precio - 0
    </option>
    <option
      class="styles.filterbar__option"
      value="nombre"
    >
      nombre - 0
    </option>
    <option
      class="styles.filterbar__option"
      value="seccion"
    >
      seccion - 0
    </option>
  </select>
</DocumentFragment>
`;
